// Vitest Snapshot v1, https://vitest.dev/guide/snapshot.html

exports[`AdminUserRow > matches snapshot 1`] = `
"<!-- No \`role="row"\` (#591): neither caller wraps this in a table/grid, so
       it's a styled list row, not an ARIA table row. -->
<div data-v-222c1c3d="" class="adm-user-row">
  <!-- Avatar -->
  <div data-v-222c1c3d="" class="adm-user-row__avatar" aria-hidden="true" style="background: var(--avatar-coral);">A</div><!-- Name + email -->
  <div data-v-222c1c3d="" class="adm-user-row__name-col">
    <div data-v-222c1c3d="" class="adm-user-row__name">Alice</div>
    <div data-v-222c1c3d="" class="adm-user-row__email">alice@example.com</div>
  </div><!-- Role chip (md+) -->
  <div data-v-222c1c3d="" class="adm-user-row__role"><span data-v-222c1c3d="" class="stub-role-chip">user</span></div><!-- Joined date (md+) -->
  <div data-v-222c1c3d="" class="adm-user-row__joined">Jan 15</div><!-- Actions -->
  <div data-v-222c1c3d="" class="adm-user-row__actions"><button data-v-222c1c3d="" aria-label="Edit user — coming soon"></button><button data-v-222c1c3d="" aria-label="More options — coming soon"></button></div>
</div>"
`;
